// Jest Snapshot v1, https://goo.gl/fbAQLP

exports[`Snapshot 1`] = `
Object {
  "Parameters": Object {
    "BootstrapVersion": Object {
      "Default": "/cdk-bootstrap/hnb659fds/version",
      "Description": "Version of the CDK Bootstrap resources in this environment, automatically retrieved from SSM Parameter Store. [cdk:skip]",
      "Type": "AWS::SSM::Parameter::Value<String>",
    },
  },
  "Resources": Object {
    "PollyHttpApiD659CEE8": Object {
      "Properties": Object {
        "Name": "polly-httpapi",
        "ProtocolType": "HTTP",
      },
      "Type": "AWS::ApiGatewayV2::Api",
    },
    "PollyHttpApiDefaultStageEB762F2E": Object {
      "Properties": Object {
        "ApiId": Object {
          "Ref": "PollyHttpApiD659CEE8",
        },
        "AutoDeploy": true,
        "StageName": "$default",
      },
      "Type": "AWS::ApiGatewayV2::Stage",
    },
    "PollyHttpApiPOSTspeechvoiceFCFCCD9F": Object {
      "Properties": Object {
        "ApiId": Object {
          "Ref": "PollyHttpApiD659CEE8",
        },
        "AuthorizationType": "NONE",
        "RouteKey": "POST /speech/{voice}",
        "Target": Object {
          "Fn::Join": Array [
            "",
            Array [
              "integrations/",
              Object {
                "Ref": "PollyHttpApiPOSTspeechvoiceIntegration13C91CF5",
              },
            ],
          ],
        },
      },
      "Type": "AWS::ApiGatewayV2::Route",
    },
    "PollyHttpApiPOSTspeechvoiceIntegration13C91CF5": Object {
      "Properties": Object {
        "ApiId": Object {
          "Ref": "PollyHttpApiD659CEE8",
        },
        "IntegrationType": "AWS_PROXY",
        "IntegrationUri": Object {
          "Fn::GetAtt": Array [
            "PollyLambdaCC0E84BA",
            "Arn",
          ],
        },
        "PayloadFormatVersion": "2.0",
      },
      "Type": "AWS::ApiGatewayV2::Integration",
    },
    "PollyHttpApiPOSTspeechvoiceIntegrationPermissionFA1F35C8": Object {
      "Properties": Object {
        "Action": "lambda:InvokeFunction",
        "FunctionName": Object {
          "Fn::GetAtt": Array [
            "PollyLambdaCC0E84BA",
            "Arn",
          ],
        },
        "Principal": "apigateway.amazonaws.com",
        "SourceArn": Object {
          "Fn::Join": Array [
            "",
            Array [
              "arn:",
              Object {
                "Ref": "AWS::Partition",
              },
              ":execute-api:",
              Object {
                "Ref": "AWS::Region",
              },
              ":",
              Object {
                "Ref": "AWS::AccountId",
              },
              ":",
              Object {
                "Ref": "PollyHttpApiD659CEE8",
              },
              "/*/*/speech/{voice}",
            ],
          ],
        },
      },
      "Type": "AWS::Lambda::Permission",
    },
    "PollyLambdaCC0E84BA": Object {
      "DependsOn": Array [
        "PollyLambdaServiceRoleDefaultPolicy81DBEB21",
        "PollyLambdaServiceRoleEEA63C4F",
      ],
      "Properties": Object {
        "Architectures": Array [
          "arm64",
        ],
        "Code": Object {
          "S3Bucket": Object {
            "Fn::Sub": "cdk-hnb659fds-assets-\${AWS::AccountId}-\${AWS::Region}",
          },
          "S3Key": "1519e4a6872647676f786c6ba8643f9247b78104211f2fc037df5ce2902739db.zip",
        },
        "Environment": Object {
          "Variables": Object {
            "AWS_NODEJS_CONNECTION_REUSE_ENABLED": "1",
          },
        },
        "FunctionName": "playing-with-polly",
        "Handler": "index.handler",
        "Role": Object {
          "Fn::GetAtt": Array [
            "PollyLambdaServiceRoleEEA63C4F",
            "Arn",
          ],
        },
        "Runtime": "nodejs14.x",
        "Timeout": 30,
      },
      "Type": "AWS::Lambda::Function",
    },
    "PollyLambdaServiceRoleDefaultPolicy81DBEB21": Object {
      "Properties": Object {
        "PolicyDocument": Object {
          "Statement": Array [
            Object {
              "Action": "polly:SynthesizeSpeech",
              "Effect": "Allow",
              "Resource": "*",
            },
          ],
          "Version": "2012-10-17",
        },
        "PolicyName": "PollyLambdaServiceRoleDefaultPolicy81DBEB21",
        "Roles": Array [
          Object {
            "Ref": "PollyLambdaServiceRoleEEA63C4F",
          },
        ],
      },
      "Type": "AWS::IAM::Policy",
    },
    "PollyLambdaServiceRoleEEA63C4F": Object {
      "Properties": Object {
        "AssumeRolePolicyDocument": Object {
          "Statement": Array [
            Object {
              "Action": "sts:AssumeRole",
              "Effect": "Allow",
              "Principal": Object {
                "Service": "lambda.amazonaws.com",
              },
            },
          ],
          "Version": "2012-10-17",
        },
        "ManagedPolicyArns": Array [
          Object {
            "Fn::Join": Array [
              "",
              Array [
                "arn:",
                Object {
                  "Ref": "AWS::Partition",
                },
                ":iam::aws:policy/service-role/AWSLambdaBasicExecutionRole",
              ],
            ],
          },
        ],
      },
      "Type": "AWS::IAM::Role",
    },
  },
  "Rules": Object {
    "CheckBootstrapVersion": Object {
      "Assertions": Array [
        Object {
          "Assert": Object {
            "Fn::Not": Array [
              Object {
                "Fn::Contains": Array [
                  Array [
                    "1",
                    "2",
                    "3",
                    "4",
                    "5",
                  ],
                  Object {
                    "Ref": "BootstrapVersion",
                  },
                ],
              },
            ],
          },
          "AssertDescription": "CDK bootstrap stack version 6 required. Please run 'cdk bootstrap' with a recent version of the CDK CLI.",
        },
      ],
    },
  },
}
`;
